2025-12-03 09:05:09,973 - INFO - [info] 战斗系统初始化完成
2025-12-03 09:05:22,149 - INFO - [info] 战斗系统初始化完成
2025-12-03 09:05:27,349 - INFO - [gamerun] 第1回合准备阶段
2025-12-03 09:05:28,350 - INFO - [gamerun] 因GameResult.ROUND,玩家MP +None, PC MP +None
2025-12-03 09:05:29,351 - INFO - [info] 玩家选择attack:基础拳
2025-12-03 09:05:29,453 - INFO - [gamerun] 第1回合PC行动阶段
2025-12-03 09:05:30,554 - INFO - [gamerun] 第1回合结算阶段
2025-12-03 09:05:34,906 - INFO - [gamerun] 第2回合准备阶段
2025-12-03 09:05:35,907 - INFO - [gamerun] 因GameResult.ROUND,玩家MP +None, PC MP +None
2025-12-03 09:05:36,909 - INFO - [info] 玩家选择defense:基础防御
2025-12-03 09:05:37,011 - INFO - [gamerun] 第2回合PC行动阶段
2025-12-03 09:05:38,113 - INFO - [gamerun] 第2回合结算阶段
2025-12-03 23:07:45,181 - INFO - [info] 战斗系统初始化完成
2025-12-03 23:09:15,909 - INFO - [info] 战斗系统初始化完成
2025-12-03 23:09:21,317 - INFO - [gamerun] 第1回合准备阶段
2025-12-03 23:09:22,317 - INFO - [gamerun] 因round_start,玩家MP +1, PC MP +1
2025-12-03 23:09:23,319 - INFO - [info] 玩家选择attack:金刚拳
2025-12-03 23:09:23,421 - INFO - [gamerun] 第1回合PC行动阶段
2025-12-03 23:09:24,422 - INFO - [info] PC选择defense:卸力
2025-12-03 23:09:24,522 - INFO - [gamerun] 第1回合结算阶段
2025-12-03 23:09:25,524 - INFO - [info] 战斗结果: 你全力防御，化解了攻势！ (你受0伤，对手受10伤)
2025-12-03 23:10:01,070 - INFO - [gamerun] 第2回合准备阶段
2025-12-03 23:10:02,071 - INFO - [gamerun] 因round_start,玩家MP +1, PC MP +1
2025-12-03 23:10:03,072 - INFO - [info] 玩家选择defense:吐纳
2025-12-03 23:10:03,174 - INFO - [gamerun] 第2回合PC行动阶段
2025-12-03 23:10:04,175 - INFO - [info] PC选择attack:爪击
2025-12-03 23:10:04,276 - INFO - [gamerun] 第2回合结算阶段
2025-12-03 23:10:05,276 - INFO - [info] 战斗结果: 对方招式老辣，你落得下风！ [你使用了吐纳] (你受10伤，对手受0伤)
2025-12-03 23:10:25,729 - INFO - [gamerun] 第3回合准备阶段
2025-12-03 23:10:26,730 - INFO - [gamerun] 因round_start,玩家MP +1, PC MP +1
2025-12-03 23:10:27,731 - INFO - [info] 玩家选择attack:爪击
2025-12-03 23:10:27,833 - INFO - [gamerun] 第3回合PC行动阶段
2025-12-03 23:10:28,833 - INFO - [info] PC选择attack:爪击
2025-12-03 23:10:28,935 - INFO - [gamerun] 第3回合结算阶段
2025-12-03 23:10:29,936 - INFO - [info] 战斗结果: 双方虚招试探，未分胜负！ (你受10伤，对手受10伤)
2025-12-03 23:10:40,903 - INFO - [info] 战斗系统初始化完成
2025-12-03 23:10:50,500 - INFO - [gamerun] 第1回合准备阶段
2025-12-03 23:10:51,501 - INFO - [gamerun] 因round_start,玩家MP +1, PC MP +1
2025-12-03 23:10:52,503 - INFO - [info] 玩家选择attack:金刚拳
2025-12-03 23:10:52,604 - INFO - [gamerun] 第1回合PC行动阶段
2025-12-03 23:10:53,605 - INFO - [info] PC选择defense:卸力
2025-12-03 23:10:53,706 - INFO - [gamerun] 第1回合结算阶段
2025-12-03 23:10:54,707 - INFO - [info] 战斗结果: 你全力防御，化解了攻势！ (你受0伤，对手受10伤)
2025-12-03 23:17:26,630 - INFO - [info] 战斗系统初始化完成
2025-12-03 23:17:32,675 - INFO - [gamerun] 第1回合准备阶段
2025-12-03 23:17:33,676 - INFO - [gamerun] 因round_start,玩家MP +1, PC MP +1
2025-12-03 23:17:34,677 - INFO - [info] 玩家选择attack:金刚拳
2025-12-03 23:17:34,778 - INFO - [gamerun] 第1回合PC行动阶段
2025-12-03 23:17:35,779 - INFO - [info] PC选择attack:爪击
2025-12-03 23:17:35,880 - INFO - [gamerun] 第1回合结算阶段
2025-12-03 23:17:36,881 - INFO - [info] 战斗结果: 双方虚招试探，未分胜负！ (你受10伤，对手受10伤)
2025-12-03 23:17:51,416 - INFO - [gamerun] 第2回合准备阶段
2025-12-03 23:17:52,417 - INFO - [gamerun] 因round_start,玩家MP +1, PC MP +1
2025-12-03 23:17:53,418 - INFO - [info] 玩家选择defense:吐纳
2025-12-03 23:17:53,519 - INFO - [gamerun] 第2回合PC行动阶段
2025-12-03 23:17:54,520 - INFO - [info] PC选择attack:爪击
2025-12-03 23:17:54,621 - INFO - [gamerun] 第2回合结算阶段
2025-12-03 23:17:55,622 - INFO - [info] 战斗结果: 对方招式老辣，你落得下风！ [你使用了吐纳] (你受0伤，对手受10伤)
2025-12-03 23:18:47,038 - INFO - [gamerun] 第3回合准备阶段
2025-12-03 23:18:48,039 - INFO - [gamerun] 因round_start,玩家MP +1, PC MP +1
2025-12-03 23:18:49,040 - INFO - [info] 玩家选择defense:吐纳
2025-12-03 23:18:49,141 - INFO - [gamerun] 第3回合PC行动阶段
2025-12-03 23:18:50,144 - INFO - [info] PC选择attack:爪击
2025-12-03 23:18:50,245 - INFO - [gamerun] 第3回合结算阶段
2025-12-03 23:18:51,246 - INFO - [info] 战斗结果: 对方招式老辣，你落得下风！ [你使用了吐纳] (你受0伤，对手受10伤)
2025-12-03 23:19:03,413 - INFO - [gamerun] 第4回合准备阶段
2025-12-03 23:19:04,415 - INFO - [gamerun] 因round_start,玩家MP +1, PC MP +1
2025-12-03 23:19:05,416 - INFO - [info] 玩家选择attack:龙吟百烈
2025-12-03 23:19:05,518 - INFO - [gamerun] 第4回合PC行动阶段
2025-12-03 23:19:06,518 - INFO - [info] PC选择attack:爪击
2025-12-03 23:19:06,619 - INFO - [gamerun] 第4回合结算阶段
2025-12-03 23:19:07,620 - INFO - [info] 战斗结果: 你的攻势更凌厉！ (你受25伤，对手受10伤)
2025-12-03 23:23:25,637 - INFO - [info] 战斗系统初始化完成
2025-12-03 23:23:30,378 - INFO - [gamerun] 第1回合准备阶段
2025-12-03 23:23:31,379 - INFO - [gamerun] 因round_start,玩家MP +1, PC MP +1
2025-12-03 23:23:32,380 - INFO - [info] 玩家选择attack:金刚拳
2025-12-03 23:23:32,481 - INFO - [gamerun] 第1回合PC行动阶段
2025-12-03 23:23:33,483 - INFO - [info] PC选择attack:爪击
2025-12-03 23:23:33,583 - INFO - [gamerun] 第1回合结算阶段
2025-12-03 23:23:34,584 - INFO - [info] 战斗结果: 双方虚招试探，未分胜负！ (你受10伤，对手受10伤)
2025-12-03 23:23:40,782 - INFO - [gamerun] 第2回合准备阶段
2025-12-03 23:23:41,783 - INFO - [gamerun] 因round_start,玩家MP +1, PC MP +1
2025-12-03 23:23:42,784 - INFO - [info] 玩家选择attack:龙吟百烈
2025-12-03 23:23:42,885 - INFO - [gamerun] 第2回合PC行动阶段
2025-12-03 23:23:43,886 - INFO - [info] PC选择attack:爪击
2025-12-03 23:23:43,987 - INFO - [gamerun] 第2回合结算阶段
2025-12-03 23:23:44,988 - INFO - [info] 战斗结果: 你的攻势更凌厉！ (你受10伤，对手受25伤)
2025-12-04 00:12:43,701 - INFO - [info] 战斗系统初始化完成
2025-12-04 00:12:53,877 - INFO - [info] 战斗系统初始化完成
2025-12-04 00:16:40,108 - INFO - [info] 战斗系统初始化完成
2025-12-04 00:17:52,512 - INFO - [info] 战斗系统初始化完成
2025-12-04 00:18:17,027 - INFO - [info] 战斗系统初始化完成
2025-12-04 00:18:50,230 - INFO - [gamerun] 第1回合准备阶段
2025-12-04 00:18:51,232 - INFO - [gamerun] 因round_start,玩家MP +1, PC MP +1
2025-12-04 00:18:52,234 - INFO - [info] 玩家选择attack:金刚拳
2025-12-04 00:18:52,334 - INFO - [gamerun] 第1回合PC行动阶段
2025-12-04 00:18:53,335 - INFO - [info] PC选择attack:爪击
2025-12-04 00:18:53,435 - INFO - [gamerun] 第1回合结算阶段
2025-12-04 00:18:54,436 - INFO - [info] 战斗结果: 双方虚招试探，未分胜负！ (你受10伤，对手受10伤)
2025-12-04 00:23:06,793 - INFO - [info] 战斗系统初始化完成
2025-12-04 00:23:24,182 - INFO - [info] 战斗系统初始化完成
2025-12-04 00:25:12,632 - INFO - [info] 战斗系统初始化完成
2025-12-04 00:26:23,418 - INFO - [info] 战斗系统初始化完成
2025-12-04 00:26:33,898 - INFO - [gamerun] 第1回合准备阶段
2025-12-04 00:26:34,900 - INFO - [gamerun] 因round_start,玩家MP +1, PC MP +1
2025-12-04 00:26:35,900 - INFO - [info] 玩家选择attack:金刚拳
2025-12-04 00:26:36,001 - INFO - [gamerun] 第1回合PC行动阶段
2025-12-04 00:26:37,001 - INFO - [info] PC选择defense:卸力
2025-12-04 00:26:37,102 - INFO - [gamerun] 第1回合结算阶段
2025-12-04 00:26:38,103 - INFO - [info] 战斗结果: 你全力防御，化解了攻势！ (你受0伤，对手受10伤)
2025-12-04 00:29:17,253 - INFO - [info] 战斗系统初始化完成
2025-12-04 00:29:24,555 - INFO - [gamerun] 第1回合准备阶段
2025-12-04 00:29:25,556 - INFO - [gamerun] 因round_start,玩家MP +1, PC MP +1
2025-12-04 00:29:26,557 - INFO - [info] 玩家选择attack:金刚拳
2025-12-04 00:29:26,657 - INFO - [gamerun] 第1回合PC行动阶段
2025-12-04 00:29:27,658 - INFO - [info] PC选择attack:爪击
2025-12-04 00:29:27,759 - INFO - [gamerun] 第1回合结算阶段
2025-12-04 00:29:28,759 - INFO - [info] 战斗结果: 双方虚招试探，未分胜负！ (你受10伤，对手受10伤)
2025-12-04 00:31:02,558 - INFO - [info] 战斗系统初始化完成
2025-12-04 00:31:14,478 - INFO - [gamerun] 第1回合准备阶段
2025-12-04 00:31:15,479 - INFO - [gamerun] 因round_start,玩家MP +1, PC MP +1
2025-12-04 00:31:16,480 - INFO - [info] 玩家选择attack:龙吟百烈
2025-12-04 00:31:16,580 - INFO - [gamerun] 第1回合PC行动阶段
2025-12-04 00:31:17,581 - INFO - [info] PC选择attack:爪击
2025-12-04 00:31:17,681 - INFO - [gamerun] 第1回合结算阶段
2025-12-04 00:31:18,682 - INFO - [info] 战斗结果: 你的攻势更凌厉！ (你受10伤，对手受25伤)
2025-12-04 00:34:02,818 - INFO - [info] 战斗系统初始化完成
2025-12-04 00:34:11,717 - INFO - [gamerun] 第1回合准备阶段
2025-12-04 00:34:12,718 - INFO - [gamerun] 因round_start,玩家MP +1, PC MP +1
2025-12-04 00:34:13,719 - INFO - [info] 玩家选择attack:金刚拳
2025-12-04 00:34:13,819 - INFO - [gamerun] 第1回合PC行动阶段
2025-12-04 00:34:14,820 - INFO - [info] PC选择attack:爪击
2025-12-04 00:34:14,921 - INFO - [gamerun] 第1回合结算阶段
2025-12-04 00:34:15,921 - INFO - [info] 战斗结果: 双方虚招试探，未分胜负！ (你受10伤，对手受10伤)
2025-12-04 00:37:40,625 - INFO - [info] 战斗系统初始化完成
2025-12-04 00:37:48,045 - INFO - [gamerun] 第1回合准备阶段
2025-12-04 00:37:49,045 - INFO - [gamerun] 因round_start,玩家MP +1, PC MP +1
2025-12-04 00:37:50,046 - INFO - [info] 玩家选择attack:金刚拳
2025-12-04 00:37:50,147 - INFO - [gamerun] 第1回合PC行动阶段
2025-12-04 00:37:51,147 - INFO - [info] PC选择attack:爪击
2025-12-04 00:37:51,248 - INFO - [gamerun] 第1回合结算阶段
2025-12-04 00:37:52,248 - INFO - [info] 战斗结果: 双方虚招试探，未分胜负！ (你受10伤，对手受10伤)
2025-12-04 00:41:55,145 - INFO - [info] 战斗系统初始化完成
2025-12-04 00:42:02,712 - INFO - [gamerun] 第1回合准备阶段
2025-12-04 00:42:03,712 - INFO - [gamerun] 因round_start,玩家MP +1, PC MP +1
2025-12-04 00:42:04,713 - INFO - [info] 玩家选择attack:乱刀葬
2025-12-04 00:42:04,814 - INFO - [gamerun] 第1回合PC行动阶段
2025-12-04 00:42:05,814 - INFO - [info] PC选择attack:爪击
2025-12-04 00:42:05,915 - INFO - [gamerun] 第1回合结算阶段
2025-12-04 00:42:06,915 - INFO - [info] 战斗结果: 双方虚招试探，未分胜负！ (你受10伤，对手受10伤)
2025-12-04 00:57:28,188 - INFO - [info] 战斗系统初始化完成
2025-12-04 00:58:00,543 - INFO - [info] 战斗系统初始化完成
2025-12-04 00:59:39,459 - INFO - [info] 战斗系统初始化完成
2025-12-04 01:03:21,259 - INFO - [info] 战斗系统初始化完成
2025-12-04 01:04:18,316 - INFO - [gamerun] 第1回合准备阶段
2025-12-04 01:04:19,317 - INFO - [gamerun] 因round_start,玩家MP +1, PC MP +1
2025-12-04 01:04:20,318 - INFO - [info] 玩家选择attack:金刚拳
2025-12-04 01:04:20,419 - INFO - [gamerun] 第1回合PC行动阶段
2025-12-04 01:04:21,420 - INFO - [info] PC选择attack:爪击
2025-12-04 01:04:21,520 - INFO - [gamerun] 第1回合结算阶段
2025-12-04 01:04:22,521 - INFO - [info] 战斗结果: 双方虚招试探，未分胜负！ (你受10伤，对手受10伤)
2025-12-04 01:06:01,428 - INFO - [info] 战斗系统初始化完成
